// Jest Snapshot v1, https://goo.gl/fbAQLP

exports[`Progress Tracker should render ProgressTrackerItem correctly 1`] = `
<li
  aria-hidden="true"
  className="tracker-item"
  data-c-alignment="base(left)"
  data-tc-tracker-state="active"
>
  <span
    className="tracker-item-connect"
    style={
      Object {
        "backgroundColor": "#008000",
      }
    }
  />
  <div
    className="tracker-icon"
  >
    <i
      className="fas fa-arrow-down"
    />
  </div>
  <div
    className="tracker-title"
  >
    <span
      data-c-font-size="small"
    >
      Step 01
    </span>
    <span
      data-c-font-weight="bold"
    >
      Job Info
    </span>
  </div>
</li>
`;
