// Jest Snapshot v1, https://goo.gl/fbAQLP

exports[`Progress Tracker should render ProgressTrackerItem correctly 1`] = `
<div
  data-c-alignment="base(centre)"
  data-c-background="undefined(100)"
  data-c-padding="top(quarter) bottom(quarter)"
>
  <ol
    aria-valuemin={1}
    aria-valuenow={-1}
    aria-valuetext=" : "
    data-c-container="layout"
    role="progressbar"
    tabIndex={0}
  >
    <ProgressTrackerItem
      label="Step 01"
      link="/"
      state="active"
      title="Job Info"
    />
  </ol>
</div>
`;
