// Jest Snapshot v1, https://goo.gl/fbAQLP

exports[`Step0Form should render Step0Form correctly 1`] = `
<Formik
  displayName="IntroForm"
  enableReinitialize={false}
  handleSubmit={[Function]}
  initialValues={
    Object {
      "department": "",
      "divisionEN": "",
      "divisionFR": "",
      "jobTitleEN": "",
      "jobTitleFR": "",
    }
  }
  isInitialValid={false}
  onSubmit={[Function]}
  render={[Function]}
  validateOnBlur={true}
  validateOnChange={true}
  validationSchema={[Function]}
/>
`;
